org/openmrs/module/fhir2/web/util/SummaryInterceptor.class
org/openmrs/module/fhir2/web/util/FhirVersionUtils$FhirVersion.class
org/openmrs/module/fhir2/narrative/OpenmrsThymeleafNarrativeGenerator.class
org/openmrs/module/fhir2/web/util/OpenmrsFhirAddressStrategy.class
org/openmrs/module/fhir2/web/util/DisableCacheInterceptor.class
org/openmrs/module/fhir2/web/filter/ForwardingFilter.class
org/openmrs/module/fhir2/web/filter/AuthenticationFilter.class
org/openmrs/module/fhir2/web/servlet/FhirRestServlet$1.class
org/openmrs/module/fhir2/web/util/FhirVersionUtils.class
org/openmrs/module/fhir2/narrative/OpenmrsMessageResolver.class
org/openmrs/module/fhir2/web/util/NarrativeUtils.class
org/openmrs/module/fhir2/web/servlet/FhirRestServlet.class
org/openmrs/module/fhir2/web/authentication/RequireAuthenticationInterceptor.class
org/openmrs/module/fhir2/narrative/OpenmrsNarrativeTemplate.class
org/openmrs/module/fhir2/web/servlet/FhirR3RestServlet.class
org/openmrs/module/fhir2/web/filter/ForwardingFilter$1.class
org/openmrs/module/fhir2/narrative/OpenmrsNarrativeTemplateManifest.class
org/openmrs/module/fhir2/web/util/OpenmrsFhirAddressStrategy$1.class
