org/openmrs/module/fhir2/providers/r3/PersonFhirResourceProviderWebTest.class
org/openmrs/module/fhir2/narrative/ConditionNarrativeTest.class
org/openmrs/module/fhir2/providers/BaseFhirResourceProviderWebTest$FhirRequestBuilder.class
org/openmrs/module/fhir2/providers/r3/ProcedureRequestFhirResourceProviderWebTest.class
org/openmrs/module/fhir2/providers/r4/BaseFhirR4ResourceProviderWebTest.class
org/openmrs/module/fhir2/providers/r3/ConditionFhirR3ResourceProviderWebTest.class
org/openmrs/module/fhir2/providers/r4/LocationFhirResourceProviderWebTest.class
org/openmrs/module/fhir2/narrative/PractitionerNarrativeTest.class
org/openmrs/module/fhir2/narrative/BaseFhirNarrativeTest.class
org/openmrs/module/fhir2/providers/r3/LocationFhirResourceProviderWebTest.class
org/openmrs/module/fhir2/providers/r4/MedicationDispenseFhirResourceProviderWebTest.class
org/openmrs/module/fhir2/narrative/LocationNarrativeTest.class
org/openmrs/module/fhir2/narrative/MedicationRequestNarrativeTest.class
org/openmrs/module/fhir2/narrative/PatientNarrativeTest.class
org/openmrs/module/fhir2/providers/r4/ConditionFhirResourceProviderWebTest.class
org/openmrs/module/fhir2/web/filter/ForwardingFilterTest.class
org/openmrs/module/fhir2/providers/r4/RelatedPersonFhirResourceProviderWebTest.class
org/openmrs/module/fhir2/providers/r4/MedicationFhirResourceProviderWebTest.class
org/openmrs/module/fhir2/narrative/MessageResolverTest.class
org/openmrs/module/fhir2/narrative/RelatedPersonNarrativeTest.class
org/openmrs/module/fhir2/web/util/OpenmrsFhirAddressStrategyTest.class
org/openmrs/module/fhir2/providers/BaseFhirResourceProviderWebTest$1.class
org/openmrs/module/fhir2/providers/r3/BaseFhirR3ResourceProviderWebTest.class
org/openmrs/module/fhir2/narrative/ObservationNarrativeTest.class
org/openmrs/module/fhir2/providers/r3/EncounterFhirResourceProviderWebTest.class
org/openmrs/module/fhir2/providers/BaseFhirResourceProviderWebTest$FhirMediaTypes.class
org/openmrs/module/fhir2/narrative/EncounterNarrativeTest.class
org/openmrs/module/fhir2/providers/r4/PatientFhirResourceProviderWebTest.class
org/openmrs/module/fhir2/web/util/FhirVersionUtilsTest.class
org/openmrs/module/fhir2/providers/r3/RelatedPersonFhirResourceProviderWebTest.class
org/openmrs/module/fhir2/providers/BaseFhirResourceProviderWebTest$StatusEqualsMatcher.class
org/openmrs/module/fhir2/narrative/PersonNarrativeTest.class
org/openmrs/module/fhir2/providers/BaseFhirResourceProviderWebTest$IsOkMatcher.class
org/openmrs/module/fhir2/providers/r3/PractitionerFhirResourceProviderWebTest.class
org/openmrs/module/fhir2/providers/r4/TaskFhirResourceProviderWebTest.class
org/openmrs/module/fhir2/providers/r3/PatientFhirR3ResourceProviderWebTest.class
org/openmrs/module/fhir2/providers/BaseFhirResourceProviderWebTest.class
org/openmrs/module/fhir2/narrative/MedicationNarrativeTest.class
org/openmrs/module/fhir2/providers/r3/MedicationFhirResourceProviderWebTest.class
org/openmrs/module/fhir2/providers/r4/ServiceRequestFhirResourceProviderWebTest.class
org/openmrs/module/fhir2/web/filter/AuthenticationFilterTest.class
org/openmrs/module/fhir2/providers/r4/MedicationRequestFhirResourceProviderWebTest.class
org/openmrs/module/fhir2/providers/BaseFhirResourceProviderWebTest$HttpResponseMatcher.class
org/openmrs/module/fhir2/narrative/ServiceRequestNarrativeTest.class
org/openmrs/module/fhir2/providers/r3/MedicationRequestFhirResourceProviderWebTest.class
org/openmrs/module/fhir2/providers/r3/MedicationDispenseFhirResourceProviderWebTest.class
org/openmrs/module/fhir2/providers/r3/DiagnosticReportFhirResourceProviderWebTest.class
org/openmrs/module/fhir2/narrative/PractitionerRoleNarrativeTest.class
org/openmrs/module/fhir2/web/authentication/RequireAuthenticationInterceptorTest.class
org/openmrs/module/fhir2/providers/r3/ObservationFhirResourceProviderWebTest.class
org/openmrs/module/fhir2/providers/r4/EncounterFhirResourceProviderWebTest.class
org/openmrs/module/fhir2/providers/r4/PersonFhirResourceProviderWebTest.class
org/openmrs/module/fhir2/narrative/AllergyIntoleranceNarrativeTest.class
org/openmrs/module/fhir2/web/util/NarrativeUtilTest.class
org/openmrs/module/fhir2/providers/r3/AllergyIntoleranceFhirR3ResourceProviderWebTest.class
org/openmrs/module/fhir2/narrative/DiagnosticReportNarrativeTest.class
org/openmrs/module/fhir2/providers/r4/PractitionerFhirResourceProviderWebTest.class
org/openmrs/module/fhir2/providers/r4/AllergyIntoleranceFhirResourceProviderWebTest.class
org/openmrs/module/fhir2/providers/r3/GroupFhirResourceProviderWebTest.class
org/openmrs/module/fhir2/providers/r4/ObservationFhirResourceProviderWebTest.class
org/openmrs/module/fhir2/providers/r4/GroupFhirResourceProviderWebTest.class
org/openmrs/module/fhir2/providers/r3/TaskFhirResourceProviderWebTest.class
org/openmrs/module/fhir2/narrative/NarrativeGeneratorTest.class
org/openmrs/module/fhir2/providers/r4/DiagnosticReportFhirResourceProviderWebTest.class
org/openmrs/module/fhir2/narrative/TaskNarrativeTest.class
