/var/lib/jenkins/workspace/openmrs-module-fhir2/omod/src/test/java/org/openmrs/module/fhir2/providers/r4/PractitionerFhirResourceProviderWebTest.java
/var/lib/jenkins/workspace/openmrs-module-fhir2/omod/src/test/java/org/openmrs/module/fhir2/providers/r3/MedicationFhirResourceProviderWebTest.java
/var/lib/jenkins/workspace/openmrs-module-fhir2/omod/src/test/java/org/openmrs/module/fhir2/web/util/FhirVersionUtilsTest.java
/var/lib/jenkins/workspace/openmrs-module-fhir2/omod/src/test/java/org/openmrs/module/fhir2/narrative/MedicationNarrativeTest.java
/var/lib/jenkins/workspace/openmrs-module-fhir2/omod/src/test/java/org/openmrs/module/fhir2/narrative/BaseFhirNarrativeTest.java
/var/lib/jenkins/workspace/openmrs-module-fhir2/omod/src/test/java/org/openmrs/module/fhir2/narrative/PatientNarrativeTest.java
/var/lib/jenkins/workspace/openmrs-module-fhir2/omod/src/test/java/org/openmrs/module/fhir2/narrative/NarrativeGeneratorTest.java
/var/lib/jenkins/workspace/openmrs-module-fhir2/omod/src/test/java/org/openmrs/module/fhir2/providers/r4/EncounterFhirResourceProviderWebTest.java
/var/lib/jenkins/workspace/openmrs-module-fhir2/omod/src/test/java/org/openmrs/module/fhir2/providers/r3/EncounterFhirResourceProviderWebTest.java
/var/lib/jenkins/workspace/openmrs-module-fhir2/omod/src/test/java/org/openmrs/module/fhir2/narrative/EncounterNarrativeTest.java
/var/lib/jenkins/workspace/openmrs-module-fhir2/omod/src/test/java/org/openmrs/module/fhir2/narrative/PractitionerRoleNarrativeTest.java
/var/lib/jenkins/workspace/openmrs-module-fhir2/omod/src/test/java/org/openmrs/module/fhir2/providers/r4/RelatedPersonFhirResourceProviderWebTest.java
/var/lib/jenkins/workspace/openmrs-module-fhir2/omod/src/test/java/org/openmrs/module/fhir2/providers/BaseFhirResourceProviderWebTest.java
/var/lib/jenkins/workspace/openmrs-module-fhir2/omod/src/test/java/org/openmrs/module/fhir2/providers/r3/MedicationRequestFhirResourceProviderWebTest.java
/var/lib/jenkins/workspace/openmrs-module-fhir2/omod/src/test/java/org/openmrs/module/fhir2/narrative/ServiceRequestNarrativeTest.java
/var/lib/jenkins/workspace/openmrs-module-fhir2/omod/src/test/java/org/openmrs/module/fhir2/providers/r4/MedicationDispenseFhirResourceProviderWebTest.java
/var/lib/jenkins/workspace/openmrs-module-fhir2/omod/src/test/java/org/openmrs/module/fhir2/web/filter/AuthenticationFilterTest.java
/var/lib/jenkins/workspace/openmrs-module-fhir2/omod/src/test/java/org/openmrs/module/fhir2/providers/r3/MedicationDispenseFhirResourceProviderWebTest.java
/var/lib/jenkins/workspace/openmrs-module-fhir2/omod/src/test/java/org/openmrs/module/fhir2/providers/r3/TaskFhirResourceProviderWebTest.java
/var/lib/jenkins/workspace/openmrs-module-fhir2/omod/src/test/java/org/openmrs/module/fhir2/providers/r4/PersonFhirResourceProviderWebTest.java
/var/lib/jenkins/workspace/openmrs-module-fhir2/omod/src/test/java/org/openmrs/module/fhir2/narrative/PersonNarrativeTest.java
/var/lib/jenkins/workspace/openmrs-module-fhir2/omod/src/test/java/org/openmrs/module/fhir2/narrative/RelatedPersonNarrativeTest.java
/var/lib/jenkins/workspace/openmrs-module-fhir2/omod/src/test/java/org/openmrs/module/fhir2/providers/r4/AllergyIntoleranceFhirResourceProviderWebTest.java
/var/lib/jenkins/workspace/openmrs-module-fhir2/omod/src/test/java/org/openmrs/module/fhir2/narrative/ConditionNarrativeTest.java
/var/lib/jenkins/workspace/openmrs-module-fhir2/omod/src/test/java/org/openmrs/module/fhir2/providers/r4/LocationFhirResourceProviderWebTest.java
/var/lib/jenkins/workspace/openmrs-module-fhir2/omod/src/test/java/org/openmrs/module/fhir2/providers/r3/GroupFhirResourceProviderWebTest.java
/var/lib/jenkins/workspace/openmrs-module-fhir2/omod/src/test/java/org/openmrs/module/fhir2/providers/r4/PatientFhirResourceProviderWebTest.java
/var/lib/jenkins/workspace/openmrs-module-fhir2/omod/src/test/java/org/openmrs/module/fhir2/providers/r3/ConditionFhirR3ResourceProviderWebTest.java
/var/lib/jenkins/workspace/openmrs-module-fhir2/omod/src/test/java/org/openmrs/module/fhir2/web/filter/ForwardingFilterTest.java
/var/lib/jenkins/workspace/openmrs-module-fhir2/omod/src/test/java/org/openmrs/module/fhir2/providers/r3/RelatedPersonFhirResourceProviderWebTest.java
/var/lib/jenkins/workspace/openmrs-module-fhir2/omod/src/test/java/org/openmrs/module/fhir2/providers/r3/LocationFhirResourceProviderWebTest.java
/var/lib/jenkins/workspace/openmrs-module-fhir2/omod/src/test/java/org/openmrs/module/fhir2/narrative/PractitionerNarrativeTest.java
/var/lib/jenkins/workspace/openmrs-module-fhir2/omod/src/test/java/org/openmrs/module/fhir2/providers/r3/DiagnosticReportFhirResourceProviderWebTest.java
/var/lib/jenkins/workspace/openmrs-module-fhir2/omod/src/test/java/org/openmrs/module/fhir2/providers/r4/MedicationRequestFhirResourceProviderWebTest.java
/var/lib/jenkins/workspace/openmrs-module-fhir2/omod/src/test/java/org/openmrs/module/fhir2/narrative/TaskNarrativeTest.java
/var/lib/jenkins/workspace/openmrs-module-fhir2/omod/src/test/java/org/openmrs/module/fhir2/providers/r4/BaseFhirR4ResourceProviderWebTest.java
/var/lib/jenkins/workspace/openmrs-module-fhir2/omod/src/test/java/org/openmrs/module/fhir2/providers/r4/ServiceRequestFhirResourceProviderWebTest.java
/var/lib/jenkins/workspace/openmrs-module-fhir2/omod/src/test/java/org/openmrs/module/fhir2/providers/r4/ObservationFhirResourceProviderWebTest.java
/var/lib/jenkins/workspace/openmrs-module-fhir2/omod/src/test/java/org/openmrs/module/fhir2/providers/r4/DiagnosticReportFhirResourceProviderWebTest.java
/var/lib/jenkins/workspace/openmrs-module-fhir2/omod/src/test/java/org/openmrs/module/fhir2/providers/r3/BaseFhirR3ResourceProviderWebTest.java
/var/lib/jenkins/workspace/openmrs-module-fhir2/omod/src/test/java/org/openmrs/module/fhir2/providers/r3/PatientFhirR3ResourceProviderWebTest.java
/var/lib/jenkins/workspace/openmrs-module-fhir2/omod/src/test/java/org/openmrs/module/fhir2/providers/r4/ConditionFhirResourceProviderWebTest.java
/var/lib/jenkins/workspace/openmrs-module-fhir2/omod/src/test/java/org/openmrs/module/fhir2/providers/r3/ProcedureRequestFhirResourceProviderWebTest.java
/var/lib/jenkins/workspace/openmrs-module-fhir2/omod/src/test/java/org/openmrs/module/fhir2/providers/r3/AllergyIntoleranceFhirR3ResourceProviderWebTest.java
/var/lib/jenkins/workspace/openmrs-module-fhir2/omod/src/test/java/org/openmrs/module/fhir2/web/util/NarrativeUtilTest.java
/var/lib/jenkins/workspace/openmrs-module-fhir2/omod/src/test/java/org/openmrs/module/fhir2/narrative/LocationNarrativeTest.java
/var/lib/jenkins/workspace/openmrs-module-fhir2/omod/src/test/java/org/openmrs/module/fhir2/narrative/MedicationRequestNarrativeTest.java
/var/lib/jenkins/workspace/openmrs-module-fhir2/omod/src/test/java/org/openmrs/module/fhir2/providers/r3/ObservationFhirResourceProviderWebTest.java
/var/lib/jenkins/workspace/openmrs-module-fhir2/omod/src/test/java/org/openmrs/module/fhir2/providers/r3/PractitionerFhirResourceProviderWebTest.java
/var/lib/jenkins/workspace/openmrs-module-fhir2/omod/src/test/java/org/openmrs/module/fhir2/providers/r3/PersonFhirResourceProviderWebTest.java
/var/lib/jenkins/workspace/openmrs-module-fhir2/omod/src/test/java/org/openmrs/module/fhir2/web/authentication/RequireAuthenticationInterceptorTest.java
/var/lib/jenkins/workspace/openmrs-module-fhir2/omod/src/test/java/org/openmrs/module/fhir2/web/util/OpenmrsFhirAddressStrategyTest.java
/var/lib/jenkins/workspace/openmrs-module-fhir2/omod/src/test/java/org/openmrs/module/fhir2/narrative/AllergyIntoleranceNarrativeTest.java
/var/lib/jenkins/workspace/openmrs-module-fhir2/omod/src/test/java/org/openmrs/module/fhir2/providers/r4/TaskFhirResourceProviderWebTest.java
/var/lib/jenkins/workspace/openmrs-module-fhir2/omod/src/test/java/org/openmrs/module/fhir2/providers/r4/GroupFhirResourceProviderWebTest.java
/var/lib/jenkins/workspace/openmrs-module-fhir2/omod/src/test/java/org/openmrs/module/fhir2/narrative/MessageResolverTest.java
/var/lib/jenkins/workspace/openmrs-module-fhir2/omod/src/test/java/org/openmrs/module/fhir2/narrative/DiagnosticReportNarrativeTest.java
/var/lib/jenkins/workspace/openmrs-module-fhir2/omod/src/test/java/org/openmrs/module/fhir2/narrative/ObservationNarrativeTest.java
/var/lib/jenkins/workspace/openmrs-module-fhir2/omod/src/test/java/org/openmrs/module/fhir2/providers/r4/MedicationFhirResourceProviderWebTest.java
